[www.haradacorp.co.jp/100th/index.html]
[backblue.gif]
[fade.gif]
[index.html]
[www.haradacorp.co.jp/100th/img/common/ogp.jpg]
[www.haradacorp.co.jp/100th/img/common/clip_icon.png]
[www.haradacorp.co.jp/100th/img/common/favicon.ico]
[www.haradacorp.co.jp/100th/js/slick/slick.css]
[www.haradacorp.co.jp/100th/js/swiper-bundle.css]
[www.haradacorp.co.jp/100th/js/odometer/odometer-theme-default.css]
[www.haradacorp.co.jp/100th/css/cookieconsent.min.css]
[www.haradacorp.co.jp/100th/css/common.css]
[www.haradacorp.co.jp/100th/css/index.css]
[www.haradacorp.co.jp/100th/js/head.js]
[cdn-au.onetrust.com/consent/9914a01c-b0ce-4b5c-9bd9-d7120fa81f0c/OtAutoBlock.js]
[cdn-au.onetrust.com/scripttemplates/otSDKStub.js]
[www.haradacorp.co.jp/100th/img/common/loading_logo.png]
[www.haradacorp.co.jp/100th/img/common/logo_white.png]
[www.haradacorp.co.jp/100th/img/common/logo.png]
[www.haradacorp.co.jp/100th/img/common/100th_logo.png]
[www.haradacorp.co.jp/100th/img/common/menu_photo01.jpg]
[www.haradacorp.co.jp/100th/img/common/menu_photo02.jpg]
[www.haradacorp.co.jp/100th/img/common/menu_photo03.jpg]
[www.haradacorp.co.jp/100th/img/common/menu_photo04.jpg]
[www.haradacorp.co.jp/100th/img/index/sp_message_img01.jpg]
[www.haradacorp.co.jp/100th/img/index/message_img01.jpg]
[www.haradacorp.co.jp/100th/img/index/sp_hsitory_img01.jpg]
[www.haradacorp.co.jp/100th/img/index/hsitory_img19.jpg]
[www.haradacorp.co.jp/100th/img/index/ps01.jpg]
[www.haradacorp.co.jp/100th/img/index/ps02.jpg]
[www.haradacorp.co.jp/100th/img/index/ps03.jpg]
[www.haradacorp.co.jp/100th/img/index/ps04.jpg]
[www.haradacorp.co.jp/100th/img/index/ps05.jpg]
[www.haradacorp.co.jp/100th/img/index/ps06.jpg]
[www.haradacorp.co.jp/100th/img/index/ps07.jpg]
[www.haradacorp.co.jp/100th/img/index/ps08.jpg]
[cdn.jsdelivr.net/npm/lodash@3.10.1/index.min.js]
[www.haradacorp.co.jp/100th/js/jquery-3.6.0.min.js]
[www.haradacorp.co.jp/100th/js/jquery.easing.min.js]
[www.haradacorp.co.jp/100th/js/slick/slick.js]
[www.haradacorp.co.jp/100th/js/infiniteslidev2.js]
[www.haradacorp.co.jp/100th/js/jquery.lazyload.min.js]
[www.haradacorp.co.jp/100th/js/pace.js]
[www.haradacorp.co.jp/100th/js/odometer/odometer.js]
[www.haradacorp.co.jp/100th/js/common.js]
[www.haradacorp.co.jp/100th/js/swiper-bundle.min.js]
[www.haradacorp.co.jp/100th/index.html]
[www.haradacorp.co.jp/100th/js/slick/slick.css]
[www.haradacorp.co.jp/100th/js/swiper-bundle.css]
[www.haradacorp.co.jp/100th/js/odometer/odometer-theme-default.css]
[www.haradacorp.co.jp/100th/css/cookieconsent.min.css]
[www.haradacorp.co.jp/100th/js/index.js]
[www.haradacorp.co.jp/100th/img/common/icon04.png]
[www.haradacorp.co.jp/100th/css/common.css]
[www.haradacorp.co.jp/100th/img/common/img_site_white.png]
[www.haradacorp.co.jp/100th/img/common/icon01.png]
[www.haradacorp.co.jp/100th/img/common/icon02.png]
[www.haradacorp.co.jp/100th/img/common/icon03.png]
[www.haradacorp.co.jp/100th/img/index/future_bg01.png]
[www.haradacorp.co.jp/100th/img/index/future_bg02.png]
[www.haradacorp.co.jp/100th/img/index/sp_future_bg01.png]
[www.haradacorp.co.jp/100th/css/index.css]
[www.google-analytics.com/analytics.js]
[b99.yahoo.co.jp/pagead/f.txt]
[www.clarity.ms/s/0.7.20/clarity.js]
[c.clarity.ms/cec89.gif]
[c.bing.com/c.gif]
[cdn-au.onetrust.com/consent/9914a01c-b0ce-4b5c-9bd9-d7120fa81f0c/OtAutoBlock.js]
[www.googletagmanager.com/gtm5445.html]
